// Vitest Snapshot v1, https://vitest.dev/guide/snapshot.html

exports[`Component LotteryBoard > Should match to snapshot 1`] = `
{
  "asFragment": [Function],
  "baseElement": <body>
    <div>
      <h1>
        Hi!
      </h1>
      <section>
        <section>
          <div>
            Zodiaco
          </div>
          <div>
            30
          </div>
          <div>
            2013
          </div>
          <div>
            39
          </div>
          <div>
            39
          </div>
          <div>
            BDDD
          </div>
          <div>
            2
          </div>
          <div>
            6
          </div>
        </section>
        <section>
          <div>
            Intermedio
          </div>
          <div>
            28
          </div>
          <div>
            3189
          </div>
          <div>
            1633
          </div>
          <div>
            5915
          </div>
          <div>
            BDAA
          </div>
          <div>
            20
          </div>
          <div>
            6
          </div>
        </section>
        <section>
          <div>
            Dominical
          </div>
          <div>
            24
          </div>
          <div>
            6098
          </div>
          <div>
            1339
          </div>
          <div>
            9971
          </div>
          <div>
            AABA
          </div>
          <div>
            15
          </div>
          <div>
            11
          </div>
        </section>
        <section>
          <div>
            Intermedio
          </div>
          <div>
            21
          </div>
          <div>
            4637
          </div>
          <div>
            1238
          </div>
          <div>
            5439
          </div>
          <div>
            DDBA
          </div>
          <div>
            8
          </div>
          <div>
            5
          </div>
        </section>
        <section>
          <div>
            Dominical
          </div>
          <div>
            18
          </div>
          <div>
            0667
          </div>
          <div>
            6284
          </div>
          <div>
            2642
          </div>
          <div>
            DCDD
          </div>
          <div>
            19
          </div>
          <div>
            1
          </div>
        </section>
      </section>
      u
    </div>
  </body>,
  "container": <div>
    <h1>
      Hi!
    </h1>
    <section>
      <section>
        <div>
          Zodiaco
        </div>
        <div>
          30
        </div>
        <div>
          2013
        </div>
        <div>
          39
        </div>
        <div>
          39
        </div>
        <div>
          BDDD
        </div>
        <div>
          2
        </div>
        <div>
          6
        </div>
      </section>
      <section>
        <div>
          Intermedio
        </div>
        <div>
          28
        </div>
        <div>
          3189
        </div>
        <div>
          1633
        </div>
        <div>
          5915
        </div>
        <div>
          BDAA
        </div>
        <div>
          20
        </div>
        <div>
          6
        </div>
      </section>
      <section>
        <div>
          Dominical
        </div>
        <div>
          24
        </div>
        <div>
          6098
        </div>
        <div>
          1339
        </div>
        <div>
          9971
        </div>
        <div>
          AABA
        </div>
        <div>
          15
        </div>
        <div>
          11
        </div>
      </section>
      <section>
        <div>
          Intermedio
        </div>
        <div>
          21
        </div>
        <div>
          4637
        </div>
        <div>
          1238
        </div>
        <div>
          5439
        </div>
        <div>
          DDBA
        </div>
        <div>
          8
        </div>
        <div>
          5
        </div>
      </section>
      <section>
        <div>
          Dominical
        </div>
        <div>
          18
        </div>
        <div>
          0667
        </div>
        <div>
          6284
        </div>
        <div>
          2642
        </div>
        <div>
          DCDD
        </div>
        <div>
          19
        </div>
        <div>
          1
        </div>
      </section>
    </section>
    u
  </div>,
  "debug": [Function],
  "findAllByAltText": [Function],
  "findAllByDisplayValue": [Function],
  "findAllByLabelText": [Function],
  "findAllByPlaceholderText": [Function],
  "findAllByRole": [Function],
  "findAllByTestId": [Function],
  "findAllByText": [Function],
  "findAllByTitle": [Function],
  "findByAltText": [Function],
  "findByDisplayValue": [Function],
  "findByLabelText": [Function],
  "findByPlaceholderText": [Function],
  "findByRole": [Function],
  "findByTestId": [Function],
  "findByText": [Function],
  "findByTitle": [Function],
  "getAllByAltText": [Function],
  "getAllByDisplayValue": [Function],
  "getAllByLabelText": [Function],
  "getAllByPlaceholderText": [Function],
  "getAllByRole": [Function],
  "getAllByTestId": [Function],
  "getAllByText": [Function],
  "getAllByTitle": [Function],
  "getByAltText": [Function],
  "getByDisplayValue": [Function],
  "getByLabelText": [Function],
  "getByPlaceholderText": [Function],
  "getByRole": [Function],
  "getByTestId": [Function],
  "getByText": [Function],
  "getByTitle": [Function],
  "queryAllByAltText": [Function],
  "queryAllByDisplayValue": [Function],
  "queryAllByLabelText": [Function],
  "queryAllByPlaceholderText": [Function],
  "queryAllByRole": [Function],
  "queryAllByTestId": [Function],
  "queryAllByText": [Function],
  "queryAllByTitle": [Function],
  "queryByAltText": [Function],
  "queryByDisplayValue": [Function],
  "queryByLabelText": [Function],
  "queryByPlaceholderText": [Function],
  "queryByRole": [Function],
  "queryByTestId": [Function],
  "queryByText": [Function],
  "queryByTitle": [Function],
  "rerender": [Function],
  "unmount": [Function],
}
`;
